// Jest Snapshot v1, https://goo.gl/fbAQLP

exports[`Render página de login carrega a página 1`] = `undefined`;
